// Jest Snapshot v1, https://goo.gl/fbAQLP

exports[`App should match the snapshot with all data passed in correctly 1`] = `
<main
  className="App-main null"
>
  <header
    className="App-header"
  >
    <Link
      className="link"
      to="/"
    >
      <h1>
        LightSide
      </h1>
    </Link>
    <img
      alt="Dueling Lightsabers theme picker"
      className="light-sabers"
      onClick={[Function]}
      src="https://upload.wikimedia.org/wikipedia/commons/thumb/d/df/Dueling_lightsabers.svg/750px-Dueling_lightsabers.svg.png"
    />
  </header>
  <Nav
    favorites={Array []}
    theme="light"
  />
  <Route
    exact={true}
    path="/"
    render={[Function]}
  />
  <Route
    exact={true}
    path="/planets"
    render={[Function]}
  />
  <Route
    exact={true}
    path="/people"
    render={[Function]}
  />
  <Route
    exact={true}
    path="/vehicles"
    render={[Function]}
  />
  <Route
    exact={true}
    path="/favorites"
    render={[Function]}
  />
  <Route
    path="/planets/:name"
    render={[Function]}
  />
  <Route
    path="/people/:name"
    render={[Function]}
  />
  <Route
    path="/vehicles/:name"
    render={[Function]}
  />
  <Route
    path="/favorites/:name"
    render={[Function]}
  />
</main>
`;
